// Vitest Snapshot v1, https://vitest.dev/guide/snapshot.html

exports[`<TerminalWindow /> > should match snapshot for static UI 1`] = `
<div
  class="terminal-window bg-gray-800 border border-gray-700 rounded-lg overflow-hidden w-full h-full flex flex-col"
  id="terminal-snapshot-test-window"
>
  <div
    class="terminal-title-bar bg-gray-700 h-6 flex items-center px-2 select-none cursor-move"
  >
    <div
      class="flex space-x-1 no-drag"
    >
      <div
        class="w-2 h-2 bg-red-500 rounded-full cursor-pointer hover:bg-red-600"
      />
      <div
        class="w-2 h-2 bg-yellow-500 rounded-full cursor-pointer hover:bg-yellow-600"
      />
      <div
        class="w-2 h-2 bg-green-500 rounded-full cursor-pointer hover:bg-green-600"
      />
    </div>
    <div
      class="flex-grow text-center text-xs text-gray-300 font-medium"
    >
      Test Terminal
    </div>
    <div
      class="w-8 no-drag"
    />
  </div>
  <div
    class="terminal-content flex-grow p-2 bg-black text-green-400 font-mono text-xs overflow-y-auto select-text"
  >
    <div
      class="mb-1"
    >
      <span
        class="text-blue-400"
      >
        user@localhost
      </span>
      <span
        class="text-white"
      >
        :
      </span>
      <span
        class="text-blue-600"
      >
        ~
      </span>
      <span
        class="text-white"
      >
        $ 
      </span>
      <span
        class="inline-block w-1 h-3 bg-green-400 animate-pulse ml-1"
      />
    </div>
  </div>
</div>
`;
